../Core/Src/main.c:94:6:Kalman_Init	24	static
../Core/Src/main.c:104:7:Kalman_Update	24	static
../Core/Src/main.c:119:6:Perform_Calibration	56	static
../Core/Src/main.c:147:5:main	48	static,ignoring_inline_asm
../Core/Src/main.c:281:6:SystemClock_Config	96	static
../Core/Src/main.c:326:13:MX_ADC_Init	24	static
../Core/Src/main.c:410:13:MX_I2C1_Init	8	static
../Core/Src/main.c:451:13:MX_DMA_Init	16	static
../Core/Src/main.c:467:13:MX_GPIO_Init	56	static
../Core/Src/main.c:538:6:HAL_ADC_ConvCpltCallback	16	static
../Core/Src/main.c:550:6:Error_Handler	8	static,ignoring_inline_asm
