../Drivers/STM32F0xx_HAL_Driver/Src/stm32f0xx_hal.c:141:19:HAL_Init	8	static
../Drivers/STM32F0xx_HAL_Driver/Src/stm32f0xx_hal.c:165:19:HAL_DeInit	8	static
../Drivers/STM32F0xx_HAL_Driver/Src/stm32f0xx_hal.c:188:13:HAL_MspInit	8	static
../Drivers/STM32F0xx_HAL_Driver/Src/stm32f0xx_hal.c:199:13:HAL_MspDeInit	8	static
../Drivers/STM32F0xx_HAL_Driver/Src/stm32f0xx_hal.c:222:26:HAL_InitTick	24	static
../Drivers/STM32F0xx_HAL_Driver/Src/stm32f0xx_hal.c:282:13:HAL_IncTick	8	static
../Drivers/STM32F0xx_HAL_Driver/Src/stm32f0xx_hal.c:293:17:HAL_GetTick	8	static
../Drivers/STM32F0xx_HAL_Driver/Src/stm32f0xx_hal.c:302:10:HAL_GetTickPrio	8	static
../Drivers/STM32F0xx_HAL_Driver/Src/stm32f0xx_hal.c:311:19:HAL_SetTickFreq	40	static
../Drivers/STM32F0xx_HAL_Driver/Src/stm32f0xx_hal.c:344:21:HAL_GetTickFreq	8	static
../Drivers/STM32F0xx_HAL_Driver/Src/stm32f0xx_hal.c:360:13:HAL_Delay	24	static
../Drivers/STM32F0xx_HAL_Driver/Src/stm32f0xx_hal.c:386:13:HAL_SuspendTick	8	static
../Drivers/STM32F0xx_HAL_Driver/Src/stm32f0xx_hal.c:403:13:HAL_ResumeTick	8	static
../Drivers/STM32F0xx_HAL_Driver/Src/stm32f0xx_hal.c:413:10:HAL_GetHalVersion	8	static
../Drivers/STM32F0xx_HAL_Driver/Src/stm32f0xx_hal.c:422:10:HAL_GetREVID	8	static
../Drivers/STM32F0xx_HAL_Driver/Src/stm32f0xx_hal.c:431:10:HAL_GetDEVID	8	static
../Drivers/STM32F0xx_HAL_Driver/Src/stm32f0xx_hal.c:440:10:HAL_GetUIDw0	8	static
../Drivers/STM32F0xx_HAL_Driver/Src/stm32f0xx_hal.c:449:10:HAL_GetUIDw1	8	static
../Drivers/STM32F0xx_HAL_Driver/Src/stm32f0xx_hal.c:458:10:HAL_GetUIDw2	8	static
../Drivers/STM32F0xx_HAL_Driver/Src/stm32f0xx_hal.c:467:6:HAL_DBGMCU_EnableDBGStopMode	8	static
../Drivers/STM32F0xx_HAL_Driver/Src/stm32f0xx_hal.c:476:6:HAL_DBGMCU_DisableDBGStopMode	8	static
../Drivers/STM32F0xx_HAL_Driver/Src/stm32f0xx_hal.c:485:6:HAL_DBGMCU_EnableDBGStandbyMode	8	static
../Drivers/STM32F0xx_HAL_Driver/Src/stm32f0xx_hal.c:494:6:HAL_DBGMCU_DisableDBGStandbyMode	8	static
